// Jest Snapshot v1, https://goo.gl/fbAQLP

exports[`Summary rendering specification renders a title and a button initially 1`] = `
<div
  className="main"
>
  <div
    className="summary"
  >
    <h2>
      Podsumowanie
    </h2>
    <div
      className="col1"
    >
      <p />
    </div>
    <div
      className="col2"
    >
      <button
        id="showElems"
        onClick={[Function]}
      >
        Szukaj
      </button>
    </div>
  </div>
</div>
`;
